Archive member included to satisfy reference by file (symbol)

D:/STM32CubeIDE_1.18.1/STM32CubeIDE/plugins/com.st.stm32cube.ide.mcu.externaltools.gnu-tools-for-stm32.13.3.rel1.win32_1.0.0.202411081344/tools/bin/../lib/gcc/arm-none-eabi/13.3.1/../../../../arm-none-eabi/lib/thumb/v7e-m+fp/hard\libc_nano.a(libc_a-exit.o)
                              D:/STM32CubeIDE_1.18.1/STM32CubeIDE/plugins/com.st.stm32cube.ide.mcu.externaltools.gnu-tools-for-stm32.13.3.rel1.win32_1.0.0.202411081344/tools/bin/../lib/gcc/arm-none-eabi/13.3.1/../../../../arm-none-eabi/lib/thumb/v7e-m+fp/hard/crt0.o (exit)
D:/STM32CubeIDE_1.18.1/STM32CubeIDE/plugins/com.st.stm32cube.ide.mcu.externaltools.gnu-tools-for-stm32.13.3.rel1.win32_1.0.0.202411081344/tools/bin/../lib/gcc/arm-none-eabi/13.3.1/../../../../arm-none-eabi/lib/thumb/v7e-m+fp/hard\libc_nano.a(libc_a-findfp.o)
                              D:/STM32CubeIDE_1.18.1/STM32CubeIDE/plugins/com.st.stm32cube.ide.mcu.externaltools.gnu-tools-for-stm32.13.3.rel1.win32_1.0.0.202411081344/tools/bin/../lib/gcc/arm-none-eabi/13.3.1/../../../../arm-none-eabi/lib/thumb/v7e-m+fp/hard\libc_nano.a(libc_a-exit.o) (__stdio_exit_handler)
D:/STM32CubeIDE_1.18.1/STM32CubeIDE/plugins/com.st.stm32cube.ide.mcu.externaltools.gnu-tools-for-stm32.13.3.rel1.win32_1.0.0.202411081344/tools/bin/../lib/gcc/arm-none-eabi/13.3.1/../../../../arm-none-eabi/lib/thumb/v7e-m+fp/hard\libc_nano.a(libc_a-fwalk.o)
                              D:/STM32CubeIDE_1.18.1/STM32CubeIDE/plugins/com.st.stm32cube.ide.mcu.externaltools.gnu-tools-for-stm32.13.3.rel1.win32_1.0.0.202411081344/tools/bin/../lib/gcc/arm-none-eabi/13.3.1/../../../../arm-none-eabi/lib/thumb/v7e-m+fp/hard\libc_nano.a(libc_a-findfp.o) (_fwalk_sglue)
D:/STM32CubeIDE_1.18.1/STM32CubeIDE/plugins/com.st.stm32cube.ide.mcu.externaltools.gnu-tools-for-stm32.13.3.rel1.win32_1.0.0.202411081344/tools/bin/../lib/gcc/arm-none-eabi/13.3.1/../../../../arm-none-eabi/lib/thumb/v7e-m+fp/hard\libc_nano.a(libc_a-sprintf.o)
                              ./Core/Src/oled.o (sprintf)
D:/STM32CubeIDE_1.18.1/STM32CubeIDE/plugins/com.st.stm32cube.ide.mcu.externaltools.gnu-tools-for-stm32.13.3.rel1.win32_1.0.0.202411081344/tools/bin/../lib/gcc/arm-none-eabi/13.3.1/../../../../arm-none-eabi/lib/thumb/v7e-m+fp/hard\libc_nano.a(libc_a-stdio.o)
                              D:/STM32CubeIDE_1.18.1/STM32CubeIDE/plugins/com.st.stm32cube.ide.mcu.externaltools.gnu-tools-for-stm32.13.3.rel1.win32_1.0.0.202411081344/tools/bin/../lib/gcc/arm-none-eabi/13.3.1/../../../../arm-none-eabi/lib/thumb/v7e-m+fp/hard\libc_nano.a(libc_a-findfp.o) (__sread)
D:/STM32CubeIDE_1.18.1/STM32CubeIDE/plugins/com.st.stm32cube.ide.mcu.externaltools.gnu-tools-for-stm32.13.3.rel1.win32_1.0.0.202411081344/tools/bin/../lib/gcc/arm-none-eabi/13.3.1/../../../../arm-none-eabi/lib/thumb/v7e-m+fp/hard\libc_nano.a(libc_a-memset.o)
                              D:/STM32CubeIDE_1.18.1/STM32CubeIDE/plugins/com.st.stm32cube.ide.mcu.externaltools.gnu-tools-for-stm32.13.3.rel1.win32_1.0.0.202411081344/tools/bin/../lib/gcc/arm-none-eabi/13.3.1/../../../../arm-none-eabi/lib/thumb/v7e-m+fp/hard/crt0.o (memset)
D:/STM32CubeIDE_1.18.1/STM32CubeIDE/plugins/com.st.stm32cube.ide.mcu.externaltools.gnu-tools-for-stm32.13.3.rel1.win32_1.0.0.202411081344/tools/bin/../lib/gcc/arm-none-eabi/13.3.1/../../../../arm-none-eabi/lib/thumb/v7e-m+fp/hard\libc_nano.a(libc_a-closer.o)
                              D:/STM32CubeIDE_1.18.1/STM32CubeIDE/plugins/com.st.stm32cube.ide.mcu.externaltools.gnu-tools-for-stm32.13.3.rel1.win32_1.0.0.202411081344/tools/bin/../lib/gcc/arm-none-eabi/13.3.1/../../../../arm-none-eabi/lib/thumb/v7e-m+fp/hard\libc_nano.a(libc_a-stdio.o) (_close_r)
D:/STM32CubeIDE_1.18.1/STM32CubeIDE/plugins/com.st.stm32cube.ide.mcu.externaltools.gnu-tools-for-stm32.13.3.rel1.win32_1.0.0.202411081344/tools/bin/../lib/gcc/arm-none-eabi/13.3.1/../../../../arm-none-eabi/lib/thumb/v7e-m+fp/hard\libc_nano.a(libc_a-reent.o)
                              D:/STM32CubeIDE_1.18.1/STM32CubeIDE/plugins/com.st.stm32cube.ide.mcu.externaltools.gnu-tools-for-stm32.13.3.rel1.win32_1.0.0.202411081344/tools/bin/../lib/gcc/arm-none-eabi/13.3.1/../../../../arm-none-eabi/lib/thumb/v7e-m+fp/hard\libc_nano.a(libc_a-closer.o) (errno)
D:/STM32CubeIDE_1.18.1/STM32CubeIDE/plugins/com.st.stm32cube.ide.mcu.externaltools.gnu-tools-for-stm32.13.3.rel1.win32_1.0.0.202411081344/tools/bin/../lib/gcc/arm-none-eabi/13.3.1/../../../../arm-none-eabi/lib/thumb/v7e-m+fp/hard\libc_nano.a(libc_a-impure.o)
                              D:/STM32CubeIDE_1.18.1/STM32CubeIDE/plugins/com.st.stm32cube.ide.mcu.externaltools.gnu-tools-for-stm32.13.3.rel1.win32_1.0.0.202411081344/tools/bin/../lib/gcc/arm-none-eabi/13.3.1/../../../../arm-none-eabi/lib/thumb/v7e-m+fp/hard\libc_nano.a(libc_a-sprintf.o) (_impure_ptr)
[...]
Memory Configuration

Name             Origin             Length             Attributes
RAM              0x20000000         0x00018000         xrw
FLASH            0x08000000         0x00080000         xr
*default*        0x00000000         0xffffffff

Linker script and memory map

LOAD D:/STM32CubeIDE_1.18.1/STM32CubeIDE/plugins/com.st.stm32cube.ide.mcu.externaltools.gnu-tools-for-stm32.13.3.rel1.win32_1.0.0.202411081344/tools/bin/../lib/gcc/arm-none-eabi/13.3.1/thumb/v7e-m+fp/hard/crti.o
LOAD D:/STM32CubeIDE_1.18.1/STM32CubeIDE/plugins/com.st.stm32cube.ide.mcu.externaltools.gnu-tools-for-stm32.13.3.rel1.win32_1.0.0.202411081344/tools/bin/../lib/gcc/arm-none-eabi/13.3.1/thumb/v7e-m+fp/hard/crtbegin.o
LOAD D:/STM32CubeIDE_1.18.1/STM32CubeIDE/plugins/com.st.stm32cube.ide.mcu.externaltools.gnu-tools-for-stm32.13.3.rel1.win32_1.0.0.202411081344/tools/bin/../lib/gcc/arm-none-eabi/13.3.1/../../../../arm-none-eabi/lib/thumb/v7e-m+fp/hard/crt0.o
LOAD ./Core/Src/adc.o
LOAD ./Core/Src/exti.o
LOAD ./Core/Src/gpio.o
LOAD ./Core/Src/i2c.o
LOAD ./Core/Src/led.o
LOAD ./Core/Src/main.o
LOAD ./Core/Src/oled.o
LOAD ./Core/Src/pwm.o
LOAD ./Core/Src/stm32f4xx_hal_msp.o
LOAD ./Core/Src/stm32f4xx_it.o
LOAD ./Core/Src/syscalls.o
LOAD ./Core/Src/system.o
LOAD ./Core/Src/system_stm32f4xx.o
LOAD ./Core/Src/timer.o
LOAD ./Core/Startup/startup_stm32f401retx.o
LOAD ./Drivers/STM32F4xx_HAL_Driver/Src/stm32f4xx_hal.o
LOAD ./Drivers/STM32F4xx_HAL_Driver/Src/stm32f4xx_hal_cortex.o
LOAD ./Drivers/STM32F4xx_HAL_Driver/Src/stm32f4xx_hal_dma.o
LOAD ./Drivers/STM32F4xx_HAL_Driver/Src/stm32f4xx_hal_dma_ex.o
LOAD ./Drivers/STM32F4xx_HAL_Driver/Src/stm32f4xx_hal_exti.o
LOAD ./Drivers/STM32F4xx_HAL_Driver/Src/stm32f4xx_hal_flash.o
LOAD ./Drivers/STM32F4xx_HAL_Driver/Src/stm32f4xx_hal_flash_ex.o
LOAD ./Drivers/STM32F4xx_HAL_Driver/Src/stm32f4xx_hal_flash_ramfunc.o
LOAD ./Drivers/STM32F4xx_HAL_Driver/Src/stm32f4xx_hal_gpio.o
LOAD ./Drivers/STM32F4xx_HAL_Driver/Src/stm32f4xx_hal_pwr.o
LOAD ./Drivers/STM32F4xx_HAL_Driver/Src/stm32f4xx_hal_pwr_ex.o
LOAD ./Drivers/STM32F4xx_HAL_Driver/Src/stm32f4xx_hal_rcc.o
LOAD ./Drivers/STM32F4xx_HAL_Driver/Src/stm32f4xx_hal_rcc_ex.o
LOAD ./Drivers/STM32F4xx_HAL_Driver/Src/stm32f4xx_hal_uart.o
START GROUP
LOAD D:/STM32CubeIDE_1.18.1/STM32CubeIDE/plugins/com.st.stm32cube.ide.mcu.externaltools.gnu-tools-for-stm32.13.3.rel1.win32_1.0.0.202411081344/tools/bin/../lib/gcc/arm-none-eabi/13.3.1/../../../../arm-none-eabi/lib/thumb/v7e-m+fp/hard\libc_nano.a
LOAD D:/STM32CubeIDE_1.18.1/STM32CubeIDE/plugins/com.st.stm32cube.ide.mcu.externaltools.gnu-tools-for-stm32.13.3.rel1.win32_1.0.0.202411081344/tools/bin/../lib/gcc/arm-none-eabi/13.3.1/../../../../arm-none-eabi/lib/thumb/v7e-m+fp/hard\libm.a
END GROUP
START GROUP
LOAD D:/STM32CubeIDE_1.18.1/STM32CubeIDE/plugins/com.st.stm32cube.ide.mcu.externaltools.gnu-tools-for-stm32.13.3.rel1.win32_1.0.0.202411081344/tools/bin/../lib/gcc/arm-none-eabi/13.3.1/thumb/v7e-m+fp/hard\libgcc.a
LOAD D:/STM32CubeIDE_1.18.1/STM32CubeIDE/plugins/com.st.stm32cube.ide.mcu.externaltools.gnu-tools-for-stm32.13.3.rel1.win32_1.0.0.202411081344/tools/bin/../lib/gcc/arm-none-eabi/13.3.1/../../../../arm-none-eabi/lib/thumb/v7e-m+fp/hard\libc_nano.a
END GROUP
START GROUP
LOAD D:/STM32CubeIDE_1.18.1/STM32CubeIDE/plugins/com.st.stm32cube.ide.mcu.externaltools.gnu-tools-for-stm32.13.3.rel1.win32_1.0.0.202411081344/tools/bin/../lib/gcc/arm-none-eabi/13.3.1/thumb/v7e-m+fp/hard\libgcc.a
LOAD D:/STM32CubeIDE_1.18.1/STM32CubeIDE/plugins/com.st.stm32cube.ide.mcu.externaltools.gnu-tools-for-stm32.13.3.rel1.win32_1.0.0.202411081344/tools/bin/../lib/gcc/arm-none-eabi/13.3.1/../../../../arm-none-eabi/lib/thumb/v7e-m+fp/hard\libc_nano.a
LOAD D:/STM32CubeIDE_1.18.1/STM32CubeIDE/plugins/com.st.stm32cube.ide.mcu.externaltools.gnu-tools-for-stm32.13.3.rel1.win32_1.0.0.202411081344/tools/bin/../lib/gcc/arm-none-eabi/13.3.1/../../../../arm-none-eabi/lib/thumb/v7e-m+fp/hard\libnosys.a
END GROUP
START GROUP
LOAD D:/STM32CubeIDE_1.18.1/STM32CubeIDE/plugins/com.st.stm32cube.ide.mcu.externaltools.gnu-tools-for-stm32.13.3.rel1.win32_1.0.0.202411081344/tools/bin/../lib/gcc/arm-none-eabi/13.3.1/thumb/v7e-m+fp/hard\libgcc.a
LOAD D:/STM32CubeIDE_1.18.1/STM32CubeIDE/plugins/com.st.stm32cube.ide.mcu.externaltools.gnu-tools-for-stm32.13.3.rel1.win32_1.0.0.202411081344/tools/bin/../lib/gcc/arm-none-eabi/13.3.1/../../../../arm-none-eabi/lib/thumb/v7e-m+fp/hard\libc_nano.a
LOAD D:/STM32CubeIDE_1.18.1/STM32CubeIDE/plugins/com.st.stm32cube.ide.mcu.externaltools.gnu-tools-for-stm32.13.3.rel1.win32_1.0.0.202411081344/tools/bin/../lib/gcc/arm-none-eabi/13.3.1/../../../../arm-none-eabi/lib/thumb/v7e-m+fp/hard\libnosys.a
END GROUP
LOAD D:/STM32CubeIDE_1.18.1/STM32CubeIDE/plugins/com.st.stm32cube.ide.mcu.externaltools.gnu-tools-for-stm32.13.3.rel1.win32_1.0.0.202411081344/tools/bin/../lib/gcc/arm-none-eabi/13.3.1/thumb/v7e-m+fp/hard/crtend.o
LOAD D:/STM32CubeIDE_1.18.1/STM32CubeIDE/plugins/com.st.stm32cube.ide.mcu.externaltools.gnu-tools-for-stm32.13.3.rel1.win32_1.0.0.202411081344/tools/bin/../lib/gcc/arm-none-eabi/13.3.1/thumb/v7e-m+fp/hard/crtn.o
                0x20018000                        _estack = (ORIGIN (RAM) + LENGTH (RAM))
                0x00000200                        _Min_Heap_Size = 0x200
                0x00000400                        _Min_Stack_Size = 0x400

.isr_vector     0x08000000      0x194
                0x08000000                        . = ALIGN (0x4)
 *(.isr_vector)
 .isr_vector    0x08000000      0x194 ./Core/Startup/startup_stm32f401retx.o
                0x08000000                g_pfnVectors
                0x08000194                        . = ALIGN (0x4)

.text           0x080001a0     0x1794
                0x080001a0                        . = ALIGN (0x4)
 *(.text)
 .text          0x080001a0       0x40 D:/STM32CubeIDE_1.18.1/STM32CubeIDE/plugins/com.st.stm32cube.ide.mcu.externaltools.gnu-tools-for-stm32.13.3.rel1.win32_1.0.0.202411081344/tools/bin/../lib/gcc/arm-none-eabi/13.3.1/thumb/v7e-m+fp/hard/crtbegin.o
 .text          0x080001e0       0x10 D:/STM32CubeIDE_1.18.1/STM32CubeIDE/plugins/com.st.stm32cube.ide.mcu.externaltools.gnu-tools-for-stm32.13.3.rel1.win32_1.0.0.202411081344/tools/bin/../lib/gcc/arm-none-eabi/13.3.1/../../../../arm-none-eabi/lib/thumb/v7e-m+fp/hard\libc_nano.a(libc_a-strlen.o)
                0x080001e0                strlen
 .text          0x080001f0       0xa0 D:/STM32CubeIDE_1.18.1/STM32CubeIDE/plugins/com.st.stm32cube.ide.mcu.externaltools.gnu-tools-for-stm32.13.3.rel1.win32_1.0.0.202411081344/tools/bin/../lib/gcc/arm-none-eabi/13.3.1/../../../../arm-none-eabi/lib/thumb/v7e-m+fp/hard\libc_nano.a(libc_a-memchr.o)
                0x080001f0                memchr
 *(.text*)
 .text.__NVIC_EnableIRQ
                0x08000290       0x3c ./Core/Src/adc.o
 .text.ADC_Init
                0x080002cc       0x58 ./Core/Src/adc.o
                0x080002cc                ADC_Init
 .text.ADC_IRQHandler
                0x08000324       0x2c ./Core/Src/adc.o
                0x08000324                ADC_IRQHandler
 .text.Mode_Update_From_ADC
                0x08000350       0x44 ./Core/Src/adc.o
                0x08000350                Mode_Update_From_ADC
 .text.__NVIC_EnableIRQ
                0x08000394       0x3c ./Core/Src/exti.o
 .text.GPIO_EXTI_Init
                0x080003d0       0x68 ./Core/Src/exti.o
                0x080003d0                GPIO_EXTI_Init
 .text.EXTI9_5_IRQHandler
                0x08000438       0xe8 ./Core/Src/exti.o
                0x08000438                EXTI9_5_IRQHandler
 .text.EXTI0_IRQHandler
                0x08000520       0x58 ./Core/Src/exti.o
                0x08000520                EXTI0_IRQHandler
 .text.EXTI1_IRQHandler
                0x08000578       0x58 ./Core/Src/exti.o
                0x08000578                EXTI1_IRQHandler
 .text.GPIO_Init_LED
                0x080005d0       0x54 ./Core/Src/gpio.o
                0x080005d0                GPIO_Init_LED
 .text.GPIO_Init_I2C
                0x08000624       0x6c ./Core/Src/gpio.o
                0x08000624                GPIO_Init_I2C
 .text.GPIO_Init_ADC
                0x08000690       0x30 ./Core/Src/gpio.o
                0x08000690                GPIO_Init_ADC
 .text.GPIO_Init_EXTI
                0x080006c0       0x58 ./Core/Src/gpio.o
                0x080006c0                GPIO_Init_EXTI
 .text.GPIO_Init_PWM
                0x08000718       0x48 ./Core/Src/gpio.o
                0x08000718                GPIO_Init_PWM
 .text.I2C1_Init
                0x08000760       0x4c ./Core/Src/i2c.o
                0x08000760                I2C1_Init
 .text.I2C_WriteByte
                0x080007ac      0x120 ./Core/Src/i2c.o
                0x080007ac                I2C_WriteByte
 .text.LED_Update
                0x080008cc       0x84 ./Core/Src/led.o
                0x080008cc                LED_Update
 .text.main     0x08000950       0x74 ./Core/Src/main.o
                0x08000950                main
 .text.SSD1306_Command
                0x080009c4       0x20 ./Core/Src/oled.o
                0x080009c4                SSD1306_Command
 .text.SSD1306_Data
                0x080009e4       0x20 ./Core/Src/oled.o
                0x080009e4                SSD1306_Data
 .text.SSD1306_SetCursor
                0x08000a04       0x42 ./Core/Src/oled.o
                0x08000a04                SSD1306_SetCursor
 .text.SSD1306_Clear
                0x08000a46       0x46 ./Core/Src/oled.o
                0x08000a46                SSD1306_Clear
 .text.SSD1306_PrintChar
                0x08000a8c       0xa4 ./Core/Src/oled.o
                0x08000a8c                SSD1306_PrintChar
 .text.SSD1306_PrintTextCentered
                0x08000b30       0x58 ./Core/Src/oled.o
                0x08000b30                SSD1306_PrintTextCentered
 .text.SSD1306_DisplayStatus
                0x08000b88       0x7c ./Core/Src/oled.o
                0x08000b88                SSD1306_DisplayStatus
 .text.PWM_Init
                0x08000c04       0x70 ./Core/Src/pwm.o
                0x08000c04                PWM_Init
 .text.Update_PWM_From_Mode
                0x08000c74       0x60 ./Core/Src/pwm.o
                0x08000c74                Update_PWM_From_Mode
 .text.NMI_Handler
                0x08000cd4        0x8 ./Core/Src/stm32f4xx_it.o
                0x08000cd4                NMI_Handler
 .text.HardFault_Handler
                0x08000cdc        0x8 ./Core/Src/stm32f4xx_it.o
                0x08000cdc                HardFault_Handler
 .text.MemManage_Handler
                0x08000ce4        0x8 ./Core/Src/stm32f4xx_it.o
                0x08000ce4                MemManage_Handler
 .text.BusFault_Handler
                0x08000cec        0x8 ./Core/Src/stm32f4xx_it.o
                0x08000cec                BusFault_Handler
 .text.UsageFault_Handler
                0x08000cf4        0x8 ./Core/Src/stm32f4xx_it.o
                0x08000cf4                UsageFault_Handler
 .text.SVC_Handler
                0x08000cfc        0xe ./Core/Src/stm32f4xx_it.o
                0x08000cfc                SVC_Handler
 .text.DebugMon_Handler
                0x08000d0a        0xe ./Core/Src/stm32f4xx_it.o
                0x08000d0a                DebugMon_Handler
 .text.PendSV_Handler
                0x08000d18        0xe ./Core/Src/stm32f4xx_it.o
                0x08000d18                PendSV_Handler
 *fill*         0x08000d26        0x2 
 .text.SysTick_Init
                0x08000d28       0x28 ./Core/Src/system.o
                0x08000d28                SysTick_Init
 .text.SysTick_Handler
                0x08000d50       0x1c ./Core/Src/system.o
                0x08000d50                SysTick_Handler
 .text.Delay_ms
                0x08000d6c       0x30 ./Core/Src/system.o
                0x08000d6c                Delay_ms
 .text.GetTick  0x08000d9c       0x18 ./Core/Src/system.o
                0x08000d9c                GetTick
 .text.SystemInit
                0x08000db4       0x24 ./Core/Src/system_stm32f4xx.o
                0x08000db4                SystemInit
 .text.__NVIC_EnableIRQ
                0x08000dd8       0x3c ./Core/Src/timer.o
 .text.TIM3_Init
                0x08000e14       0x48 ./Core/Src/timer.o
                0x08000e14                TIM3_Init
 .text.TIM3_IRQHandler
                0x08000e5c      0x12c ./Core/Src/timer.o
                0x08000e5c                TIM3_IRQHandler
 .text.Reset_Handler
                0x08000f88       0x50 ./Core/Startup/startup_stm32f401retx.o
                0x08000f88                Reset_Handler
 .text.Default_Handler
                0x08000fd8        0x2 ./Core/Startup/startup_stm32f401retx.o
                0x08000fd8                RTC_Alarm_IRQHandler
                0x08000fd8                EXTI2_IRQHandler
                0x08000fd8                SPI4_IRQHandler
                0x08000fd8                TIM1_CC_IRQHandler
                0x08000fd8                DMA2_Stream5_IRQHandler
                0x08000fd8                DMA1_Stream5_IRQHandler
                0x08000fd8                PVD_IRQHandler
                0x08000fd8                SDIO_IRQHandler
                0x08000fd8                TAMP_STAMP_IRQHandler
                0x08000fd8                EXTI3_IRQHandler
                0x08000fd8                TIM1_UP_TIM10_IRQHandler
                0x08000fd8                I2C3_ER_IRQHandler
                0x08000fd8                I2C2_EV_IRQHandler
                0x08000fd8                DMA1_Stream2_IRQHandler
                0x08000fd8                FPU_IRQHandler
                0x08000fd8                DMA2_Stream2_IRQHandler
                0x08000fd8                SPI1_IRQHandler
                0x08000fd8                TIM1_BRK_TIM9_IRQHandler
                0x08000fd8                DMA2_Stream3_IRQHandler
                0x08000fd8                USART6_IRQHandler
                0x08000fd8                DMA2_Stream0_IRQHandler
                0x08000fd8                TIM4_IRQHandler
                0x08000fd8                I2C1_EV_IRQHandler
                0x08000fd8                DMA1_Stream6_IRQHandler
                0x08000fd8                DMA1_Stream1_IRQHandler
                0x08000fd8                RCC_IRQHandler
                0x08000fd8                Default_Handler
                0x08000fd8                EXTI15_10_IRQHandler
                0x08000fd8                DMA1_Stream7_IRQHandler
                0x08000fd8                TIM5_IRQHandler
                0x08000fd8                DMA2_Stream7_IRQHandler
                0x08000fd8                I2C3_EV_IRQHandler
                0x08000fd8                RTC_WKUP_IRQHandler
                0x08000fd8                SPI2_IRQHandler
                0x08000fd8                DMA1_Stream0_IRQHandler
                0x08000fd8                EXTI4_IRQHandler
                0x08000fd8                WWDG_IRQHandler
                0x08000fd8                TIM2_IRQHandler
                0x08000fd8                OTG_FS_WKUP_IRQHandler
                0x08000fd8                TIM1_TRG_COM_TIM11_IRQHandler
                0x08000fd8                USART2_IRQHandler
                0x08000fd8                I2C2_ER_IRQHandler
                0x08000fd8                DMA2_Stream1_IRQHandler
                0x08000fd8                FLASH_IRQHandler
                0x08000fd8                DMA2_Stream4_IRQHandler
                0x08000fd8                USART1_IRQHandler
                0x08000fd8                OTG_FS_IRQHandler
                0x08000fd8                SPI3_IRQHandler
                0x08000fd8                DMA1_Stream4_IRQHandler
                0x08000fd8                I2C1_ER_IRQHandler
                0x08000fd8                DMA2_Stream6_IRQHandler
                0x08000fd8                DMA1_Stream3_IRQHandler
 *fill*         0x08000fda        0x2 
 .text.sprintf  0x08000fdc       0x44 D:/STM32CubeIDE_1.18.1/STM32CubeIDE/plugins/com.st.stm32cube.ide.mcu.externaltools.gnu-tools-for-stm32.13.3.rel1.win32_1.0.0.202411081344/tools/bin/../lib/gcc/arm-none-eabi/13.3.1/../../../../arm-none-eabi/lib/thumb/v7e-m+fp/hard\libc_nano.a(libc_a-sprintf.o)
                0x08000fdc                siprintf
                0x08000fdc                sprintf
 .text.__libc_init_array
                0x08001020       0x48 D:/STM32CubeIDE_1.18.1/STM32CubeIDE/plugins/com.st.stm32cube.ide.mcu.externaltools.gnu-tools-for-stm32.13.3.rel1.win32_1.0.0.202411081344/tools/bin/../lib/gcc/arm-none-eabi/13.3.1/../../../../arm-none-eabi/lib/thumb/v7e-m+fp/hard\libc_nano.a(libc_a-init.o)
                0x08001020                __libc_init_array
 .text.__retarget_lock_acquire_recursive
                0x08001068        0x2 D:/STM32CubeIDE_1.18.1/STM32CubeIDE/plugins/com.st.stm32cube.ide.mcu.externaltools.gnu-tools-for-stm32.13.3.rel1.win32_1.0.0.202411081344/tools/bin/../lib/gcc/arm-none-eabi/13.3.1/../../../../arm-none-eabi/lib/thumb/v7e-m+fp/hard\libc_nano.a(libc_a-lock.o)
                0x08001068                __retarget_lock_acquire_recursive
 .text.__retarget_lock_release_recursive
                0x0800106a        0x2 D:/STM32CubeIDE_1.18.1/STM32CubeIDE/plugins/com.st.stm32cube.ide.mcu.externaltools.gnu-tools-for-stm32.13.3.rel1.win32_1.0.0.202411081344/tools/bin/../lib/gcc/arm-none-eabi/13.3.1/../../../../arm-none-eabi/lib/thumb/v7e-m+fp/hard\libc_nano.a(libc_a-lock.o)
                0x0800106a                __retarget_lock_release_recursive
 .text._free_r  0x0800106c       0x94 D:/STM32CubeIDE_1.18.1/STM32CubeIDE/plugins/com.st.stm32cube.ide.mcu.externaltools.gnu-tools-for-stm32.13.3.rel1.win32_1.0.0.202411081344/tools/bin/../lib/gcc/arm-none-eabi/13.3.1/../../../../arm-none-eabi/lib/thumb/v7e-m+fp/hard\libc_nano.a(libc_a-freer.o)
                0x0800106c                _free_r
 .text.sbrk_aligned
                0x08001100       0x44 D:/STM32CubeIDE_1.18.1/STM32CubeIDE/plugins/com.st.stm32cube.ide.mcu.externaltools.gnu-tools-for-stm32.13.3.rel1.win32_1.0.0.202411081344/tools/bin/../lib/gcc/arm-none-eabi/13.3.1/../../../../arm-none-eabi/lib/thumb/v7e-m+fp/hard\libc_nano.a(libc_a-mallocr.o)
 .text._malloc_r
                0x08001144      0x100 D:/STM32CubeIDE_1.18.1/STM32CubeIDE/plugins/com.st.stm32cube.ide.mcu.externaltools.gnu-tools-for-stm32.13.3.rel1.win32_1.0.0.202411081344/tools/bin/../lib/gcc/arm-none-eabi/13.3.1/../../../../arm-none-eabi/lib/thumb/v7e-m+fp/hard\libc_nano.a(libc_a-mallocr.o)
                0x08001144                _malloc_r
 .text.__malloc_lock
                0x08001244        0xc D:/STM32CubeIDE_1.18.1/STM32CubeIDE/plugins/com.st.stm32cube.ide.mcu.externaltools.gnu-tools-for-stm32.13.3.rel1.win32_1.0.0.202411081344/tools/bin/../lib/gcc/arm-none-eabi/13.3.1/../../../../arm-none-eabi/lib/thumb/v7e-m+fp/hard\libc_nano.a(libc_a-mlock.o)
                0x08001244                __malloc_lock
 .text.__malloc_unlock
                0x08001250        0xc D:/STM32CubeIDE_1.18.1/STM32CubeIDE/plugins/com.st.stm32cube.ide.mcu.externaltools.gnu-tools-for-stm32.13.3.rel1.win32_1.0.0.202411081344/tools/bin/../lib/gcc/arm-none-eabi/13.3.1/../../../../arm-none-eabi/lib/thumb/v7e-m+fp/hard\libc_nano.a(libc_a-mlock.o)
                0x08001250                __malloc_unlock
 .text.__ssputs_r
                0x0800125c       0xb6 D:/STM32CubeIDE_1.18.1/STM32CubeIDE/plugins/com.st.stm32cube.ide.mcu.externaltools.gnu-tools-for-stm32.13.3.rel1.win32_1.0.0.202411081344/tools/bin/../lib/gcc/arm-none-eabi/13.3.1/../../../../arm-none-eabi/lib/thumb/v7e-m+fp/hard\libc_nano.a(libc_a-nano-svfprintf.o)
                0x0800125c                __ssputs_r
 *fill*         0x08001312        0x2 
 .text._svfprintf_r
                0x08001314      0x1f8 D:/STM32CubeIDE_1.18.1/STM32CubeIDE/plugins/com.st.stm32cube.ide.mcu.externaltools.gnu-tools-for-stm32.13.3.rel1.win32_1.0.0.202411081344/tools/bin/../lib/gcc/arm-none-eabi/13.3.1/../../../../arm-none-eabi/lib/thumb/v7e-m+fp/hard\libc_nano.a(libc_a-nano-svfprintf.o)
                0x08001314                _svfiprintf_r
                0x08001314                _svfprintf_r
 .text._printf_common
                0x0800150c       0xda D:/STM32CubeIDE_1.18.1/STM32CubeIDE/plugins/com.st.stm32cube.ide.mcu.externaltools.gnu-tools-for-stm32.13.3.rel1.win32_1.0.0.202411081344/tools/bin/../lib/gcc/arm-none-eabi/13.3.1/../../../../arm-none-eabi/lib/thumb/v7e-m+fp/hard\libc_nano.a(libc_a-nano-vfprintf_i.o)
                0x0800150c                _printf_common
 *fill*         0x080015e6        0x2 
 .text._printf_i
                0x080015e8      0x23c D:/STM32CubeIDE_1.18.1/STM32CubeIDE/plugins/com.st.stm32cube.ide.mcu.externaltools.gnu-tools-for-stm32.13.3.rel1.win32_1.0.0.202411081344/tools/bin/../lib/gcc/arm-none-eabi/13.3.1/../../../../arm-none-eabi/lib/thumb/v7e-m+fp/hard\libc_nano.a(libc_a-nano-vfprintf_i.o)
                0x080015e8                _printf_i
 .text.memmove  0x08001824       0x34 D:/STM32CubeIDE_1.18.1/STM32CubeIDE/plugins/com.st.stm32cube.ide.mcu.externaltools.gnu-tools-for-stm32.13.3.rel1.win32_1.0.0.202411081344/tools/bin/../lib/gcc/arm-none-eabi/13.3.1/../../../../arm-none-eabi/lib/thumb/v7e-m+fp/hard\libc_nano.a(libc_a-memmove.o)
                0x08001824                memmove
 .text._sbrk_r  0x08001858       0x20 D:/STM32CubeIDE_1.18.1/STM32CubeIDE/plugins/com.st.stm32cube.ide.mcu.externaltools.gnu-tools-for-stm32.13.3.rel1.win32_1.0.0.202411081344/tools/bin/../lib/gcc/arm-none-eabi/13.3.1/../../../../arm-none-eabi/lib/thumb/v7e-m+fp/hard\libc_nano.a(libc_a-sbrkr.o)
                0x08001858                _sbrk_r
 .text.memcpy   0x08001878       0x1c D:/STM32CubeIDE_1.18.1/STM32CubeIDE/plugins/com.st.stm32cube.ide.mcu.externaltools.gnu-tools-for-stm32.13.3.rel1.win32_1.0.0.202411081344/tools/bin/../lib/gcc/arm-none-eabi/13.3.1/../../../../arm-none-eabi/lib/thumb/v7e-m+fp/hard\libc_nano.a(libc_a-memcpy-stub.o)
                0x08001878                memcpy
 .text._realloc_r
                0x08001894       0x5c D:/STM32CubeIDE_1.18.1/STM32CubeIDE/plugins/com.st.stm32cube.ide.mcu.externaltools.gnu-tools-for-stm32.13.3.rel1.win32_1.0.0.202411081344/tools/bin/../lib/gcc/arm-none-eabi/13.3.1/../../../../arm-none-eabi/lib/thumb/v7e-m+fp/hard\libc_nano.a(libc_a-reallocr.o)
                0x08001894                _realloc_r
 .text._malloc_usable_size_r
                0x080018f0       0x10 D:/STM32CubeIDE_1.18.1/STM32CubeIDE/plugins/com.st.stm32cube.ide.mcu.externaltools.gnu-tools-for-stm32.13.3.rel1.win32_1.0.0.202411081344/tools/bin/../lib/gcc/arm-none-eabi/13.3.1/../../../../arm-none-eabi/lib/thumb/v7e-m+fp/hard\libc_nano.a(libc_a-msizer.o)
                0x080018f0                _malloc_usable_size_r
 .text._sbrk    0x08001900       0x1c D:/STM32CubeIDE_1.18.1/STM32CubeIDE/plugins/com.st.stm32cube.ide.mcu.externaltools.gnu-tools-for-stm32.13.3.rel1.win32_1.0.0.202411081344/tools/bin/../lib/gcc/arm-none-eabi/13.3.1/../../../../arm-none-eabi/lib/thumb/v7e-m+fp/hard\libnosys.a(sbrk.o)
                0x08001900                _sbrk
 *(.glue_7)
 .glue_7        0x0800191c        0x0 linker stubs
 *(.glue_7t)
 .glue_7t       0x0800191c        0x0 linker stubs
 *(.eh_frame)
 .eh_frame      0x0800191c        0x0 D:/STM32CubeIDE_1.18.1/STM32CubeIDE/plugins/com.st.stm32cube.ide.mcu.externaltools.gnu-tools-for-stm32.13.3.rel1.win32_1.0.0.202411081344/tools/bin/../lib/gcc/arm-none-eabi/13.3.1/thumb/v7e-m+fp/hard/crtbegin.o
 *(.init)
 .init          0x0800191c        0x4 D:/STM32CubeIDE_1.18.1/STM32CubeIDE/plugins/com.st.stm32cube.ide.mcu.externaltools.gnu-tools-for-stm32.13.3.rel1.win32_1.0.0.202411081344/tools/bin/../lib/gcc/arm-none-eabi/13.3.1/thumb/v7e-m+fp/hard/crti.o
                0x0800191c                _init
 .init          0x08001920        0x8 D:/STM32CubeIDE_1.18.1/STM32CubeIDE/plugins/com.st.stm32cube.ide.mcu.externaltools.gnu-tools-for-stm32.13.3.rel1.win32_1.0.0.202411081344/tools/bin/../lib/gcc/arm-none-eabi/13.3.1/thumb/v7e-m+fp/hard/crtn.o
 *(.fini)
 .fini          0x08001928        0x4 D:/STM32CubeIDE_1.18.1/STM32CubeIDE/plugins/com.st.stm32cube.ide.mcu.externaltools.gnu-tools-for-stm32.13.3.rel1.win32_1.0.0.202411081344/tools/bin/../lib/gcc/arm-none-eabi/13.3.1/thumb/v7e-m+fp/hard/crti.o
                0x08001928                _fini
 .fini          0x0800192c        0x8 D:/STM32CubeIDE_1.18.1/STM32CubeIDE/plugins/com.st.stm32cube.ide.mcu.externaltools.gnu-tools-for-stm32.13.3.rel1.win32_1.0.0.202411081344/tools/bin/../lib/gcc/arm-none-eabi/13.3.1/thumb/v7e-m+fp/hard/crtn.o
                0x08001934                        . = ALIGN (0x4)
                0x08001934                        _etext = .

.vfp11_veneer   0x08001934        0x0
 .vfp11_veneer  0x08001934        0x0 linker stubs

.v4_bx          0x08001934        0x0
 .v4_bx         0x08001934        0x0 linker stubs

.iplt           0x08001934        0x0
 .iplt          0x08001934        0x0 D:/STM32CubeIDE_1.18.1/STM32CubeIDE/plugins/com.st.stm32cube.ide.mcu.externaltools.gnu-tools-for-stm32.13.3.rel1.win32_1.0.0.202411081344/tools/bin/../lib/gcc/arm-none-eabi/13.3.1/thumb/v7e-m+fp/hard/crtbegin.o

.rodata         0x08001934      0x1c8
                0x08001934                        . = ALIGN (0x4)
 *(.rodata)
 .rodata        0x08001934        0xd ./Core/Src/main.o
 *fill*         0x08001941        0x3 
 .rodata        0x08001944       0x46 ./Core/Src/oled.o
 *(.rodata*)
 *fill*         0x0800198a        0x2 
 .rodata.font5x8
                0x0800198c      0x13b ./Core/Src/oled.o
                0x0800198c                font5x8
 .rodata._svfprintf_r.str1.1
                0x08001ac7       0x33 D:/STM32CubeIDE_1.18.1/STM32CubeIDE/plugins/com.st.stm32cube.ide.mcu.externaltools.gnu-tools-for-stm32.13.3.rel1.win32_1.0.0.202411081344/tools/bin/../lib/gcc/arm-none-eabi/13.3.1/../../../../arm-none-eabi/lib/thumb/v7e-m+fp/hard\libc_nano.a(libc_a-nano-svfprintf.o)
                                 0x11 (size before relaxing)
 .rodata._printf_i.str1.1
                0x08001afa       0x22 D:/STM32CubeIDE_1.18.1/STM32CubeIDE/plugins/com.st.stm32cube.ide.mcu.externaltools.gnu-tools-for-stm32.13.3.rel1.win32_1.0.0.202411081344/tools/bin/../lib/gcc/arm-none-eabi/13.3.1/../../../../arm-none-eabi/lib/thumb/v7e-m+fp/hard\libc_nano.a(libc_a-nano-vfprintf_i.o)
                0x08001b1c                        . = ALIGN (0x4)
 *fill*         0x08001afa        0x2 

.ARM.extab      0x08001afc        0x0
                0x08001afc                        . = ALIGN (0x4)
 *(.ARM.extab* .gnu.linkonce.armextab.*)
                0x08001afc                        . = ALIGN (0x4)

.ARM            0x08001afc        0x8
                0x08001afc                        . = ALIGN (0x4)
                0x08001afc                        __exidx_start = .
 *(.ARM.exidx*)
 .ARM.exidx     0x08001afc        0x8 D:/STM32CubeIDE_1.18.1/STM32CubeIDE/plugins/com.st.stm32cube.ide.mcu.externaltools.gnu-tools-for-stm32.13.3.rel1.win32_1.0.0.202411081344/tools/bin/../lib/gcc/arm-none-eabi/13.3.1/../../../../arm-none-eabi/lib/thumb/v7e-m+fp/hard\libc_nano.a(libc_a-strlen.o)
 .ARM.exidx     0x08001b04        0x0 D:/STM32CubeIDE_1.18.1/STM32CubeIDE/plugins/com.st.stm32cube.ide.mcu.externaltools.gnu-tools-for-stm32.13.3.rel1.win32_1.0.0.202411081344/tools/bin/../lib/gcc/arm-none-eabi/13.3.1/../../../../arm-none-eabi/lib/thumb/v7e-m+fp/hard\libc_nano.a(libc_a-memchr.o)
                                  0x8 (size before relaxing)
                0x08001b04                        __exidx_end = .
                0x08001b04                        . = ALIGN (0x4)

.preinit_array  0x08001b04        0x0
                0x08001b04                        . = ALIGN (0x4)
                0x08001b04                        PROVIDE (__preinit_array_start = .)
 *(.preinit_array*)
                0x08001b04                        PROVIDE (__preinit_array_end = .)
                0x08001b04                        . = ALIGN (0x4)

.init_array     0x08001b04        0x4
                0x08001b04                        . = ALIGN (0x4)
                0x08001b04                        PROVIDE (__init_array_start = .)
 *(SORT_BY_NAME(.init_array.*))
 *(.init_array*)
 .init_array    0x08001b04        0x4 D:/STM32CubeIDE_1.18.1/STM32CubeIDE/plugins/com.st.stm32cube.ide.mcu.externaltools.gnu-tools-for-stm32.13.3.rel1.win32_1.0.0.202411081344/tools/bin/../lib/gcc/arm-none-eabi/13.3.1/thumb/v7e-m+fp/hard/crtbegin.o
                0x08001b08                        PROVIDE (__init_array_end = .)
                0x08001b08                        . = ALIGN (0x4)

.fini_array     0x08001b08        0x4
                0x08001b08                        . = ALIGN (0x4)
                [!provide]                        PROVIDE (__fini_array_start = .)
 *(SORT_BY_NAME(.fini_array.*))
 *(.fini_array*)
 .fini_array    0x08001b08        0x4 D:/STM32CubeIDE_1.18.1/STM32CubeIDE/plugins/com.st.stm32cube.ide.mcu.externaltools.gnu-tools-for-stm32.13.3.rel1.win32_1.0.0.202411081344/tools/bin/../lib/gcc/arm-none-eabi/13.3.1/thumb/v7e-m+fp/hard/crtbegin.o
                [!provide]                        PROVIDE (__fini_array_end = .)
                0x08001b0c                        . = ALIGN (0x4)
                0x08001b0c                        _sidata = LOADADDR (.data)

.rel.dyn        0x08001b0c        0x0
 .rel.iplt      0x08001b0c        0x0 D:/STM32CubeIDE_1.18.1/STM32CubeIDE/plugins/com.st.stm32cube.ide.mcu.externaltools.gnu-tools-for-stm32.13.3.rel1.win32_1.0.0.202411081344/tools/bin/../lib/gcc/arm-none-eabi/13.3.1/thumb/v7e-m+fp/hard/crtbegin.o

.data           0x20000000       0x54 load address 0x08001b0c
                0x20000000                        . = ALIGN (0x4)
                0x20000000                        _sdata = .
 *(.data)
 *(.data*)
 .data.mode     0x20000000        0x1 ./Core/Src/exti.o
                0x20000000                mode
 .data.system_active
                0x20000001        0x1 ./Core/Src/exti.o
                0x20000001                system_active
 .data.oled_state
                0x20000002        0x1 ./Core/Src/exti.o
                0x20000002                oled_state
 *fill*         0x20000003        0x1 
 .data._impure_ptr
                0x20000004        0x4 D:/STM32CubeIDE_1.18.1/STM32CubeIDE/plugins/com.st.stm32cube.ide.mcu.externaltools.gnu-tools-for-stm32.13.3.rel1.win32_1.0.0.202411081344/tools/bin/../lib/gcc/arm-none-eabi/13.3.1/../../../../arm-none-eabi/lib/thumb/v7e-m+fp/hard\libc_nano.a(libc_a-impure.o)
                0x20000004                _impure_ptr
 .data._impure_data
                0x20000008       0x4c D:/STM32CubeIDE_1.18.1/STM32CubeIDE/plugins/com.st.stm32cube.ide.mcu.externaltools.gnu-tools-for-stm32.13.3.rel1.win32_1.0.0.202411081344/tools/bin/../lib/gcc/arm-none-eabi/13.3.1/../../../../arm-none-eabi/lib/thumb/v7e-m+fp/hard\libc_nano.a(libc_a-impure.o)
                0x20000008                _impure_data
 *(.RamFunc)
 *(.RamFunc*)
                0x20000054                        . = ALIGN (0x4)
                0x20000054                        _edata = .

.igot.plt       0x20000054        0x0 load address 0x08001b60
 .igot.plt      0x20000054        0x0 D:/STM32CubeIDE_1.18.1/STM32CubeIDE/plugins/com.st.stm32cube.ide.mcu.externaltools.gnu-tools-for-stm32.13.3.rel1.win32_1.0.0.202411081344/tools/bin/../lib/gcc/arm-none-eabi/13.3.1/thumb/v7e-m+fp/hard/crtbegin.o
                0x20000054                        . = ALIGN (0x4)

.bss            0x20000054      0x180 load address 0x08001b60
                0x20000054                        _sbss = .
                0x20000054                        __bss_start__ = _sbss
 *(.bss)
 .bss           0x20000054       0x1c D:/STM32CubeIDE_1.18.1/STM32CubeIDE/plugins/com.st.stm32cube.ide.mcu.externaltools.gnu-tools-for-stm32.13.3.rel1.win32_1.0.0.202411081344/tools/bin/../lib/gcc/arm-none-eabi/13.3.1/thumb/v7e-m+fp/hard/crtbegin.o
 *(.bss*)
 .bss.adc_latest_value
                0x20000070        0x2 ./Core/Src/adc.o
                0x20000070                adc_latest_value
 .bss.countdown
                0x20000072        0x1 ./Core/Src/exti.o
                0x20000072                countdown
 .bss.button_pressed
                0x20000073        0x1 ./Core/Src/exti.o
                0x20000073                button_pressed
 .bss.last_press_time.2
                0x20000074        0x4 ./Core/Src/exti.o
 .bss.last_press_time.1
                0x20000078        0x4 ./Core/Src/exti.o
 .bss.last_press_time.0
                0x2000007c        0x4 ./Core/Src/exti.o
 .bss.system_tick
                0x20000080        0x4 ./Core/Src/system.o
                0x20000080                system_tick
 .bss.tick_500.1
                0x20000084        0x1 ./Core/Src/timer.o
 .bss.tick_1000.0
                0x20000085        0x1 ./Core/Src/timer.o
 *fill*         0x20000086        0x2 
 .bss.__sf      0x20000088      0x138 D:/STM32CubeIDE_1.18.1/STM32CubeIDE/plugins/com.st.stm32cube.ide.mcu.externaltools.gnu-tools-for-stm32.13.3.rel1.win32_1.0.0.202411081344/tools/bin/../lib/gcc/arm-none-eabi/13.3.1/../../../../arm-none-eabi/lib/thumb/v7e-m+fp/hard\libc_nano.a(libc_a-findfp.o)
                0x20000088                __sf
 .bss.errno     0x200001c0        0x4 D:/STM32CubeIDE_1.18.1/STM32CubeIDE/plugins/com.st.stm32cube.ide.mcu.externaltools.gnu-tools-for-stm32.13.3.rel1.win32_1.0.0.202411081344/tools/bin/../lib/gcc/arm-none-eabi/13.3.1/../../../../arm-none-eabi/lib/thumb/v7e-m+fp/hard\libc_nano.a(libc_a-reent.o)
                0x200001c0                errno
 .bss.__lock___malloc_recursive_mutex
                0x200001c4        0x1 D:/STM32CubeIDE_1.18.1/STM32CubeIDE/plugins/com.st.stm32cube.ide.mcu.externaltools.gnu-tools-for-stm32.13.3.rel1.win32_1.0.0.202411081344/tools/bin/../lib/gcc/arm-none-eabi/13.3.1/../../../../arm-none-eabi/lib/thumb/v7e-m+fp/hard\libc_nano.a(libc_a-lock.o)
                0x200001c4                __lock___malloc_recursive_mutex
 *fill*         0x200001c5        0x3 
 .bss.__malloc_sbrk_start
                0x200001c8        0x4 D:/STM32CubeIDE_1.18.1/STM32CubeIDE/plugins/com.st.stm32cube.ide.mcu.externaltools.gnu-tools-for-stm32.13.3.rel1.win32_1.0.0.202411081344/tools/bin/../lib/gcc/arm-none-eabi/13.3.1/../../../../arm-none-eabi/lib/thumb/v7e-m+fp/hard\libc_nano.a(libc_a-mallocr.o)
                0x200001c8                __malloc_sbrk_start
 .bss.__malloc_free_list
                0x200001cc        0x4 D:/STM32CubeIDE_1.18.1/STM32CubeIDE/plugins/com.st.stm32cube.ide.mcu.externaltools.gnu-tools-for-stm32.13.3.rel1.win32_1.0.0.202411081344/tools/bin/../lib/gcc/arm-none-eabi/13.3.1/../../../../arm-none-eabi/lib/thumb/v7e-m+fp/hard\libc_nano.a(libc_a-mallocr.o)
                0x200001cc                __malloc_free_list
 .bss.heap_end.0
                0x200001d0        0x4 D:/STM32CubeIDE_1.18.1/STM32CubeIDE/plugins/com.st.stm32cube.ide.mcu.externaltools.gnu-tools-for-stm32.13.3.rel1.win32_1.0.0.202411081344/tools/bin/../lib/gcc/arm-none-eabi/13.3.1/../../../../arm-none-eabi/lib/thumb/v7e-m+fp/hard\libnosys.a(sbrk.o)
 *(COMMON)
                0x200001d4                        . = ALIGN (0x4)
                0x200001d4                        _ebss = .
                0x200001d4                        __bss_end__ = _ebss

._user_heap_stack
                0x200001d4      0x604 load address 0x08001b60
                0x200001d8                        . = ALIGN (0x8)
 *fill*         0x200001d4        0x4 
                0x200001d8                        PROVIDE (end = .)
                [!provide]                        PROVIDE (_end = .)
                0x200003d8                        . = (. + _Min_Heap_Size)
 *fill*         0x200001d8      0x200 
                0x200007d8                        . = (. + _Min_Stack_Size)
 *fill*         0x200003d8      0x400 
                0x200007d8                        . = ALIGN (0x8)

/DISCARD/
 libc.a(*)
 libm.a(*)
 libgcc.a(*)

.ARM.attributes
                0x00000000       0x30
 *(.ARM.attributes)
 .ARM.attributes
                0x00000000       0x22 D:/STM32CubeIDE_1.18.1/STM32CubeIDE/plugins/com.st.stm32cube.ide.mcu.externaltools.gnu-tools-for-stm32.13.3.rel1.win32_1.0.0.202411081344/tools/bin/../lib/gcc/arm-none-eabi/13.3.1/thumb/v7e-m+fp/hard/crti.o
 .ARM.attributes
                0x00000022       0x34 D:/STM32CubeIDE_1.18.1/STM32CubeIDE/plugins/com.st.stm32cube.ide.mcu.externaltools.gnu-tools-for-stm32.13.3.rel1.win32_1.0.0.202411081344/tools/bin/../lib/gcc/arm-none-eabi/13.3.1/thumb/v7e-m+fp/hard/crtbegin.o
 .ARM.attributes
                0x00000056       0x34 ./Core/Src/adc.o
 .ARM.attributes
                0x0000008a       0x34 ./Core/Src/exti.o
 .ARM.attributes
                0x000000be       0x34 ./Core/Src/gpio.o
 .ARM.attributes
                0x000000f2       0x34 ./Core/Src/i2c.o
 .ARM.attributes
                0x00000126       0x34 ./Core/Src/led.o
 .ARM.attributes
                0x0000015a       0x34 ./Core/Src/main.o
 .ARM.attributes
                0x0000018e       0x34 ./Core/Src/oled.o
 .ARM.attributes
                0x000001c2       0x34 ./Core/Src/pwm.o
 .ARM.attributes
                0x000001f6       0x34 ./Core/Src/stm32f4xx_it.o
 .ARM.attributes
                0x0000022a       0x34 ./Core/Src/system.o
 .ARM.attributes
                0x0000025e       0x34 ./Core/Src/system_stm32f4xx.o
 .ARM.attributes
                0x00000292       0x34 ./Core/Src/timer.o
 .ARM.attributes
                0x000002c6       0x21 ./Core/Startup/startup_stm32f401retx.o
 .ARM.attributes
                0x000002e7       0x34 D:/STM32CubeIDE_1.18.1/STM32CubeIDE/plugins/com.st.stm32cube.ide.mcu.externaltools.gnu-tools-for-stm32.13.3.rel1.win32_1.0.0.202411081344/tools/bin/../lib/gcc/arm-none-eabi/13.3.1/../../../../arm-none-eabi/lib/thumb/v7e-m+fp/hard\libc_nano.a(libc_a-findfp.o)
 .ARM.attributes
                0x0000031b       0x34 D:/STM32CubeIDE_1.18.1/STM32CubeIDE/plugins/com.st.stm32cube.ide.mcu.externaltools.gnu-tools-for-stm32.13.3.rel1.win32_1.0.0.202411081344/tools/bin/../lib/gcc/arm-none-eabi/13.3.1/../../../../arm-none-eabi/lib/thumb/v7e-m+fp/hard\libc_nano.a(libc_a-sprintf.o)
 .ARM.attributes
                0x0000034f       0x34 D:/STM32CubeIDE_1.18.1/STM32CubeIDE/plugins/com.st.stm32cube.ide.mcu.externaltools.gnu-tools-for-stm32.13.3.rel1.win32_1.0.0.202411081344/tools/bin/../lib/gcc/arm-none-eabi/13.3.1/../../../../arm-none-eabi/lib/thumb/v7e-m+fp/hard\libc_nano.a(libc_a-reent.o)
 .ARM.attributes
                0x00000383       0x34 D:/STM32CubeIDE_1.18.1/STM32CubeIDE/plugins/com.st.stm32cube.ide.mcu.externaltools.gnu-tools-for-stm32.13.3.rel1.win32_1.0.0.202411081344/tools/bin/../lib/gcc/arm-none-eabi/13.3.1/../../../../arm-none-eabi/lib/thumb/v7e-m+fp/hard\libc_nano.a(libc_a-impure.o)
 .ARM.attributes
                0x000003b7       0x34 D:/STM32CubeIDE_1.18.1/STM32CubeIDE/plugins/com.st.stm32cube.ide.mcu.externaltools.gnu-tools-for-stm32.13.3.rel1.win32_1.0.0.202411081344/tools/bin/../lib/gcc/arm-none-eabi/13.3.1/../../../../arm-none-eabi/lib/thumb/v7e-m+fp/hard\libc_nano.a(libc_a-init.o)
 .ARM.attributes
                0x000003eb       0x34 D:/STM32CubeIDE_1.18.1/STM32CubeIDE/plugins/com.st.stm32cube.ide.mcu.externaltools.gnu-tools-for-stm32.13.3.rel1.win32_1.0.0.202411081344/tools/bin/../lib/gcc/arm-none-eabi/13.3.1/../../../../arm-none-eabi/lib/thumb/v7e-m+fp/hard\libc_nano.a(libc_a-lock.o)
 .ARM.attributes
                0x0000041f       0x17 D:/STM32CubeIDE_1.18.1/STM32CubeIDE/plugins/com.st.stm32cube.ide.mcu.externaltools.gnu-tools-for-stm32.13.3.rel1.win32_1.0.0.202411081344/tools/bin/../lib/gcc/arm-none-eabi/13.3.1/../../../../arm-none-eabi/lib/thumb/v7e-m+fp/hard\libc_nano.a(libc_a-strlen.o)
 .ARM.attributes
                0x00000436       0x34 D:/STM32CubeIDE_1.18.1/STM32CubeIDE/plugins/com.st.stm32cube.ide.mcu.externaltools.gnu-tools-for-stm32.13.3.rel1.win32_1.0.0.202411081344/tools/bin/../lib/gcc/arm-none-eabi/13.3.1/../../../../arm-none-eabi/lib/thumb/v7e-m+fp/hard\libc_nano.a(libc_a-freer.o)
 .ARM.attributes
                0x0000046a       0x34 D:/STM32CubeIDE_1.18.1/STM32CubeIDE/plugins/com.st.stm32cube.ide.mcu.externaltools.gnu-tools-for-stm32.13.3.rel1.win32_1.0.0.202411081344/tools/bin/../lib/gcc/arm-none-eabi/13.3.1/../../../../arm-none-eabi/lib/thumb/v7e-m+fp/hard\libc_nano.a(libc_a-mallocr.o)
 .ARM.attributes
                0x0000049e       0x34 D:/STM32CubeIDE_1.18.1/STM32CubeIDE/plugins/com.st.stm32cube.ide.mcu.externaltools.gnu-tools-for-stm32.13.3.rel1.win32_1.0.0.202411081344/tools/bin/../lib/gcc/arm-none-eabi/13.3.1/../../../../arm-none-eabi/lib/thumb/v7e-m+fp/hard\libc_nano.a(libc_a-mlock.o)
 .ARM.attributes
                0x000004d2       0x34 D:/STM32CubeIDE_1.18.1/STM32CubeIDE/plugins/com.st.stm32cube.ide.mcu.externaltools.gnu-tools-for-stm32.13.3.rel1.win32_1.0.0.202411081344/tools/bin/../lib/gcc/arm-none-eabi/13.3.1/../../../../arm-none-eabi/lib/thumb/v7e-m+fp/hard\libc_nano.a(libc_a-nano-svfprintf.o)
 .ARM.attributes
                0x00000506       0x34 D:/STM32CubeIDE_1.18.1/STM32CubeIDE/plugins/com.st.stm32cube.ide.mcu.externaltools.gnu-tools-for-stm32.13.3.rel1.win32_1.0.0.202411081344/tools/bin/../lib/gcc/arm-none-eabi/13.3.1/../../../../arm-none-eabi/lib/thumb/v7e-m+fp/hard\libc_nano.a(libc_a-nano-vfprintf_i.o)
 .ARM.attributes
                0x0000053a       0x34 D:/STM32CubeIDE_1.18.1/STM32CubeIDE/plugins/com.st.stm32cube.ide.mcu.externaltools.gnu-tools-for-stm32.13.3.rel1.win32_1.0.0.202411081344/tools/bin/../lib/gcc/arm-none-eabi/13.3.1/../../../../arm-none-eabi/lib/thumb/v7e-m+fp/hard\libc_nano.a(libc_a-memmove.o)
 .ARM.attributes
                0x0000056e       0x34 D:/STM32CubeIDE_1.18.1/STM32CubeIDE/plugins/com.st.stm32cube.ide.mcu.externaltools.gnu-tools-for-stm32.13.3.rel1.win32_1.0.0.202411081344/tools/bin/../lib/gcc/arm-none-eabi/13.3.1/../../../../arm-none-eabi/lib/thumb/v7e-m+fp/hard\libc_nano.a(libc_a-sbrkr.o)
 .ARM.attributes
                0x000005a2       0x1c D:/STM32CubeIDE_1.18.1/STM32CubeIDE/plugins/com.st.stm32cube.ide.mcu.externaltools.gnu-tools-for-stm32.13.3.rel1.win32_1.0.0.202411081344/tools/bin/../lib/gcc/arm-none-eabi/13.3.1/../../../../arm-none-eabi/lib/thumb/v7e-m+fp/hard\libc_nano.a(libc_a-memchr.o)
 .ARM.attributes
                0x000005be       0x34 D:/STM32CubeIDE_1.18.1/STM32CubeIDE/plugins/com.st.stm32cube.ide.mcu.externaltools.gnu-tools-for-stm32.13.3.rel1.win32_1.0.0.202411081344/tools/bin/../lib/gcc/arm-none-eabi/13.3.1/../../../../arm-none-eabi/lib/thumb/v7e-m+fp/hard\libc_nano.a(libc_a-memcpy-stub.o)
 .ARM.attributes
                0x000005f2       0x34 D:/STM32CubeIDE_1.18.1/STM32CubeIDE/plugins/com.st.stm32cube.ide.mcu.externaltools.gnu-tools-for-stm32.13.3.rel1.win32_1.0.0.202411081344/tools/bin/../lib/gcc/arm-none-eabi/13.3.1/../../../../arm-none-eabi/lib/thumb/v7e-m+fp/hard\libc_nano.a(libc_a-reallocr.o)
 .ARM.attributes
                0x00000626       0x34 D:/STM32CubeIDE_1.18.1/STM32CubeIDE/plugins/com.st.stm32cube.ide.mcu.externaltools.gnu-tools-for-stm32.13.3.rel1.win32_1.0.0.202411081344/tools/bin/../lib/gcc/arm-none-eabi/13.3.1/../../../../arm-none-eabi/lib/thumb/v7e-m+fp/hard\libc_nano.a(libc_a-msizer.o)
 .ARM.attributes
                0x0000065a       0x34 D:/STM32CubeIDE_1.18.1/STM32CubeIDE/plugins/com.st.stm32cube.ide.mcu.externaltools.gnu-tools-for-stm32.13.3.rel1.win32_1.0.0.202411081344/tools/bin/../lib/gcc/arm-none-eabi/13.3.1/../../../../arm-none-eabi/lib/thumb/v7e-m+fp/hard\libnosys.a(sbrk.o)
 .ARM.attributes
                0x0000068e       0x22 D:/STM32CubeIDE_1.18.1/STM32CubeIDE/plugins/com.st.stm32cube.ide.mcu.externaltools.gnu-tools-for-stm32.13.3.rel1.win32_1.0.0.202411081344/tools/bin/../lib/gcc/arm-none-eabi/13.3.1/thumb/v7e-m+fp/hard/crtn.o
OUTPUT(OLED.elf elf32-littlearm)
LOAD linker stubs
LOAD D:/STM32CubeIDE_1.18.1/STM32CubeIDE/plugins/com.st.stm32cube.ide.mcu.externaltools.gnu-tools-for-stm32.13.3.rel1.win32_1.0.0.202411081344/tools/bin/../lib/gcc/arm-none-eabi/13.3.1/../../../../arm-none-eabi/lib/thumb/v7e-m+fp/hard\libc.a
LOAD D:/STM32CubeIDE_1.18.1/STM32CubeIDE/plugins/com.st.stm32cube.ide.mcu.externaltools.gnu-tools-for-stm32.13.3.rel1.win32_1.0.0.202411081344/tools/bin/../lib/gcc/arm-none-eabi/13.3.1/../../../../arm-none-eabi/lib/thumb/v7e-m+fp/hard\libm.a
LOAD D:/STM32CubeIDE_1.18.1/STM32CubeIDE/plugins/com.st.stm32cube.ide.mcu.externaltools.gnu-tools-for-stm32.13.3.rel1.win32_1.0.0.202411081344/tools/bin/../lib/gcc/arm-none-eabi/13.3.1/thumb/v7e-m+fp/hard\libgcc.a

.debug_info     0x00000000     0x301a
 .debug_info    0x00000000      0x723 ./Core/Src/adc.o
 .debug_info    0x00000723      0x833 ./Core/Src/exti.o
 .debug_info    0x00000f56      0x33f ./Core/Src/gpio.o
 .debug_info    0x00001295      0x358 ./Core/Src/i2c.o
 .debug_info    0x000015ed      0x184 ./Core/Src/led.o
 .debug_info    0x00001771      0x169 ./Core/Src/main.o
 .debug_info    0x000018da      0x356 ./Core/Src/oled.o
 .debug_info    0x00001c30      0x3ae ./Core/Src/pwm.o
 .debug_info    0x00001fde       0xf8 ./Core/Src/stm32f4xx_it.o
 .debug_info    0x000020d6      0x168 ./Core/Src/system.o
 .debug_info    0x0000223e      0x53e ./Core/Src/system_stm32f4xx.o
 .debug_info    0x0000277c      0x86e ./Core/Src/timer.o
 .debug_info    0x00002fea       0x30 ./Core/Startup/startup_stm32f401retx.o

.debug_abbrev   0x00000000      0xe23
 .debug_abbrev  0x00000000      0x1f6 ./Core/Src/adc.o
 .debug_abbrev  0x000001f6      0x1ec ./Core/Src/exti.o
 .debug_abbrev  0x000003e2       0xd0 ./Core/Src/gpio.o
 .debug_abbrev  0x000004b2      0x11a ./Core/Src/i2c.o
 .debug_abbrev  0x000005cc       0xd7 ./Core/Src/led.o
 .debug_abbrev  0x000006a3       0xb3 ./Core/Src/main.o
 .debug_abbrev  0x00000756      0x151 ./Core/Src/oled.o
 .debug_abbrev  0x000008a7       0xf4 ./Core/Src/pwm.o
 .debug_abbrev  0x0000099b       0x47 ./Core/Src/stm32f4xx_it.o
 .debug_abbrev  0x000009e2      0x120 ./Core/Src/system.o
 .debug_abbrev  0x00000b02      0x11a ./Core/Src/system_stm32f4xx.o
 .debug_abbrev  0x00000c1c      0x1e3 ./Core/Src/timer.o
 .debug_abbrev  0x00000dff       0x24 ./Core/Startup/startup_stm32f401retx.o

.debug_aranges  0x00000000      0x2b8
 .debug_aranges
                0x00000000       0x38 ./Core/Src/adc.o
 .debug_aranges
                0x00000038       0x40 ./Core/Src/exti.o
 .debug_aranges
                0x00000078       0x48 ./Core/Src/gpio.o
 .debug_aranges
                0x000000c0       0x28 ./Core/Src/i2c.o
 .debug_aranges
                0x000000e8       0x20 ./Core/Src/led.o
 .debug_aranges
                0x00000108       0x20 ./Core/Src/main.o
 .debug_aranges
                0x00000128       0x58 ./Core/Src/oled.o
 .debug_aranges
                0x00000180       0x28 ./Core/Src/pwm.o
 .debug_aranges
                0x000001a8       0x58 ./Core/Src/stm32f4xx_it.o
 .debug_aranges
                0x00000200       0x38 ./Core/Src/system.o
 .debug_aranges
                0x00000238       0x28 ./Core/Src/system_stm32f4xx.o
 .debug_aranges
                0x00000260       0x30 ./Core/Src/timer.o
 .debug_aranges
                0x00000290       0x28 ./Core/Startup/startup_stm32f401retx.o

.debug_rnglists
                0x00000000      0x1cf
 .debug_rnglists
                0x00000000       0x25 ./Core/Src/adc.o
 .debug_rnglists
                0x00000025       0x2c ./Core/Src/exti.o
 .debug_rnglists
                0x00000051       0x31 ./Core/Src/gpio.o
 .debug_rnglists
                0x00000082       0x1a ./Core/Src/i2c.o
 .debug_rnglists
                0x0000009c       0x14 ./Core/Src/led.o
 .debug_rnglists
                0x000000b0       0x13 ./Core/Src/main.o
 .debug_rnglists
                0x000000c3       0x3e ./Core/Src/oled.o
 .debug_rnglists
                0x00000101       0x19 ./Core/Src/pwm.o
 .debug_rnglists
                0x0000011a       0x3d ./Core/Src/stm32f4xx_it.o
 .debug_rnglists
                0x00000157       0x25 ./Core/Src/system.o
 .debug_rnglists
                0x0000017c       0x1a ./Core/Src/system_stm32f4xx.o
 .debug_rnglists
                0x00000196       0x20 ./Core/Src/timer.o
 .debug_rnglists
                0x000001b6       0x19 ./Core/Startup/startup_stm32f401retx.o

.debug_macro    0x00000000    0x157f7
 .debug_macro   0x00000000      0x1d8 ./Core/Src/adc.o
 .debug_macro   0x000001d8      0xad8 ./Core/Src/adc.o
 .debug_macro   0x00000cb0       0x2e ./Core/Src/adc.o
 .debug_macro   0x00000cde       0x28 ./Core/Src/adc.o
 .debug_macro   0x00000d06       0x22 ./Core/Src/adc.o
 .debug_macro   0x00000d28       0x8e ./Core/Src/adc.o
 .debug_macro   0x00000db6       0x51 ./Core/Src/adc.o
 .debug_macro   0x00000e07      0x103 ./Core/Src/adc.o
 .debug_macro   0x00000f0a       0x6a ./Core/Src/adc.o
 .debug_macro   0x00000f74      0x1df ./Core/Src/adc.o
 .debug_macro   0x00001153       0x1c ./Core/Src/adc.o
 .debug_macro   0x0000116f       0x22 ./Core/Src/adc.o
 .debug_macro   0x00001191       0xfb ./Core/Src/adc.o
 .debug_macro   0x0000128c     0x1011 ./Core/Src/adc.o
 .debug_macro   0x0000229d      0x11f ./Core/Src/adc.o
 .debug_macro   0x000023bc     0xb881 ./Core/Src/adc.o
 .debug_macro   0x0000dc3d       0x6d ./Core/Src/adc.o
 .debug_macro   0x0000dcaa      0x295 ./Core/Src/adc.o
 .debug_macro   0x0000df3f     0x3693 ./Core/Src/adc.o
 .debug_macro   0x000115d2      0x190 ./Core/Src/adc.o
 .debug_macro   0x00011762       0x5c ./Core/Src/adc.o
 .debug_macro   0x000117be      0x416 ./Core/Src/adc.o
 .debug_macro   0x00011bd4      0x9e9 ./Core/Src/adc.o
 .debug_macro   0x000125bd      0x115 ./Core/Src/adc.o
 .debug_macro   0x000126d2       0xf8 ./Core/Src/adc.o
 .debug_macro   0x000127ca       0xa5 ./Core/Src/adc.o
 .debug_macro   0x0001286f      0x15f ./Core/Src/adc.o
 .debug_macro   0x000129ce      0x287 ./Core/Src/adc.o
 .debug_macro   0x00012c55       0x5f ./Core/Src/adc.o
 .debug_macro   0x00012cb4      0x236 ./Core/Src/adc.o
 .debug_macro   0x00012eea      0x132 ./Core/Src/adc.o
 .debug_macro   0x0001301c      0x264 ./Core/Src/adc.o
 .debug_macro   0x00013280       0x2e ./Core/Src/adc.o
 .debug_macro   0x000132ae      0x127 ./Core/Src/adc.o
 .debug_macro   0x000133d5       0x85 ./Core/Src/adc.o
 .debug_macro   0x0001345a       0x89 ./Core/Src/adc.o
 .debug_macro   0x000134e3      0x2aa ./Core/Src/adc.o
 .debug_macro   0x0001378d      0x126 ./Core/Src/adc.o
 .debug_macro   0x000138b3      0x1d8 ./Core/Src/exti.o
 .debug_macro   0x00013a8b      0x1c4 ./Core/Src/gpio.o
 .debug_macro   0x00013c4f      0x1d4 ./Core/Src/i2c.o
 .debug_macro   0x00013e23      0x1ce ./Core/Src/led.o
 .debug_macro   0x00013ff1      0x214 ./Core/Src/main.o
 .debug_macro   0x00014205      0x2e4 ./Core/Src/oled.o
 .debug_macro   0x000144e9       0x61 ./Core/Src/oled.o
 .debug_macro   0x0001454a       0x2a ./Core/Src/oled.o
 .debug_macro   0x00014574       0x43 ./Core/Src/oled.o
 .debug_macro   0x000145b7       0x34 ./Core/Src/oled.o
 .debug_macro   0x000145eb      0x370 ./Core/Src/oled.o
 .debug_macro   0x0001495b       0x16 ./Core/Src/oled.o
 .debug_macro   0x00014971       0x4a ./Core/Src/oled.o
 .debug_macro   0x000149bb       0x34 ./Core/Src/oled.o
 .debug_macro   0x000149ef       0x10 ./Core/Src/oled.o
 .debug_macro   0x000149ff       0x58 ./Core/Src/oled.o
 .debug_macro   0x00014a57       0x8e ./Core/Src/oled.o
 .debug_macro   0x00014ae5       0x1c ./Core/Src/oled.o
 .debug_macro   0x00014b01      0x185 ./Core/Src/oled.o
 .debug_macro   0x00014c86       0x10 ./Core/Src/oled.o
 .debug_macro   0x00014c96       0x3c ./Core/Src/oled.o
 .debug_macro   0x00014cd2       0x20 ./Core/Src/oled.o
 .debug_macro   0x00014cf2       0x1c ./Core/Src/oled.o
 .debug_macro   0x00014d0e       0x10 ./Core/Src/oled.o
 .debug_macro   0x00014d1e       0x1c ./Core/Src/oled.o
 .debug_macro   0x00014d3a       0x16 ./Core/Src/oled.o
 .debug_macro   0x00014d50      0x146 ./Core/Src/oled.o
 .debug_macro   0x00014e96       0x56 ./Core/Src/oled.o
 .debug_macro   0x00014eec      0x1ce ./Core/Src/pwm.o
 .debug_macro   0x000150ba      0x1d3 ./Core/Src/stm32f4xx_it.o
 .debug_macro   0x0001528d      0x1c4 ./Core/Src/system.o
 .debug_macro   0x00015451      0x1ba ./Core/Src/system_stm32f4xx.o
 .debug_macro   0x0001560b      0x1ec ./Core/Src/timer.o

.debug_line     0x00000000     0x5fa5
 .debug_line    0x00000000      0x7c7 ./Core/Src/adc.o
 .debug_line    0x000007c7      0x83c ./Core/Src/exti.o
 .debug_line    0x00001003      0x7fd ./Core/Src/gpio.o
 .debug_line    0x00001800      0x853 ./Core/Src/i2c.o
 .debug_line    0x00002053      0x740 ./Core/Src/led.o
 .debug_line    0x00002793      0x767 ./Core/Src/main.o
 .debug_line    0x00002efa      0xa21 ./Core/Src/oled.o
 .debug_line    0x0000391b      0x77e ./Core/Src/pwm.o
 .debug_line    0x00004099      0x7a0 ./Core/Src/stm32f4xx_it.o
 .debug_line    0x00004839      0x762 ./Core/Src/system.o
 .debug_line    0x00004f9b      0x77f ./Core/Src/system_stm32f4xx.o
 .debug_line    0x0000571a      0x811 ./Core/Src/timer.o
 .debug_line    0x00005f2b       0x7a ./Core/Startup/startup_stm32f401retx.o

.debug_str      0x00000000    0x835f7
 .debug_str     0x00000000    0x835f7 ./Core/Src/adc.o
                              0x7f97a (size before relaxing)
 .debug_str     0x000835f7    0x7f9db ./Core/Src/exti.o
 .debug_str     0x000835f7    0x7f52e ./Core/Src/gpio.o
 .debug_str     0x000835f7    0x7f52b ./Core/Src/i2c.o
 .debug_str     0x000835f7    0x7f410 ./Core/Src/led.o
 .debug_str     0x000835f7    0x7f4a9 ./Core/Src/main.o
 .debug_str     0x000835f7    0x82cd1 ./Core/Src/oled.o
 .debug_str     0x000835f7    0x7f535 ./Core/Src/pwm.o
 .debug_str     0x000835f7    0x7f545 ./Core/Src/stm32f4xx_it.o
 .debug_str     0x000835f7    0x7f3f8 ./Core/Src/system.o
 .debug_str     0x000835f7    0x7f577 ./Core/Src/system_stm32f4xx.o
 .debug_str     0x000835f7    0x7f9fb ./Core/Src/timer.o
 .debug_str     0x000835f7       0x81 ./Core/Startup/startup_stm32f401retx.o

.comment        0x00000000       0x43
 .comment       0x00000000       0x43 ./Core/Src/adc.o
                                 0x44 (size before relaxing)
 .comment       0x00000043       0x44 ./Core/Src/exti.o
 .comment       0x00000043       0x44 ./Core/Src/gpio.o
 .comment       0x00000043       0x44 ./Core/Src/i2c.o
 .comment       0x00000043       0x44 ./Core/Src/led.o
 .comment       0x00000043       0x44 ./Core/Src/main.o
 .comment       0x00000043       0x44 ./Core/Src/oled.o
 .comment       0x00000043       0x44 ./Core/Src/pwm.o
 .comment       0x00000043       0x44 ./Core/Src/stm32f4xx_it.o
 .comment       0x00000043       0x44 ./Core/Src/system.o
 .comment       0x00000043       0x44 ./Core/Src/system_stm32f4xx.o
 .comment       0x00000043       0x44 ./Core/Src/timer.o

.debug_frame    0x00000000      0xc1c
 .debug_frame   0x00000000       0x9c ./Core/Src/adc.o
 .debug_frame   0x0000009c       0xc0 ./Core/Src/exti.o
 .debug_frame   0x0000015c       0xcc ./Core/Src/gpio.o
 .debug_frame   0x00000228       0x54 ./Core/Src/i2c.o
 .debug_frame   0x0000027c       0x38 ./Core/Src/led.o
 .debug_frame   0x000002b4       0x2c ./Core/Src/main.o
 .debug_frame   0x000002e0      0x134 ./Core/Src/oled.o
 .debug_frame   0x00000414       0x54 ./Core/Src/pwm.o
 .debug_frame   0x00000468       0xe8 ./Core/Src/stm32f4xx_it.o
 .debug_frame   0x00000550       0x98 ./Core/Src/system.o
 .debug_frame   0x000005e8       0x58 ./Core/Src/system_stm32f4xx.o
 .debug_frame   0x00000640       0x70 ./Core/Src/timer.o
 .debug_frame   0x000006b0      0x144 D:/STM32CubeIDE_1.18.1/STM32CubeIDE/plugins/com.st.stm32cube.ide.mcu.externaltools.gnu-tools-for-stm32.13.3.rel1.win32_1.0.0.202411081344/tools/bin/../lib/gcc/arm-none-eabi/13.3.1/../../../../arm-none-eabi/lib/thumb/v7e-m+fp/hard\libc_nano.a(libc_a-findfp.o)
 .debug_frame   0x000007f4       0x74 D:/STM32CubeIDE_1.18.1/STM32CubeIDE/plugins/com.st.stm32cube.ide.mcu.externaltools.gnu-tools-for-stm32.13.3.rel1.win32_1.0.0.202411081344/tools/bin/../lib/gcc/arm-none-eabi/13.3.1/../../../../arm-none-eabi/lib/thumb/v7e-m+fp/hard\libc_nano.a(libc_a-sprintf.o)
 .debug_frame   0x00000868       0x38 D:/STM32CubeIDE_1.18.1/STM32CubeIDE/plugins/com.st.stm32cube.ide.mcu.externaltools.gnu-tools-for-stm32.13.3.rel1.win32_1.0.0.202411081344/tools/bin/../lib/gcc/arm-none-eabi/13.3.1/../../../../arm-none-eabi/lib/thumb/v7e-m+fp/hard\libc_nano.a(libc_a-reent.o)
 .debug_frame   0x000008a0       0x2c D:/STM32CubeIDE_1.18.1/STM32CubeIDE/plugins/com.st.stm32cube.ide.mcu.externaltools.gnu-tools-for-stm32.13.3.rel1.win32_1.0.0.202411081344/tools/bin/../lib/gcc/arm-none-eabi/13.3.1/../../../../arm-none-eabi/lib/thumb/v7e-m+fp/hard\libc_nano.a(libc_a-init.o)
 .debug_frame   0x000008cc       0xb0 D:/STM32CubeIDE_1.18.1/STM32CubeIDE/plugins/com.st.stm32cube.ide.mcu.externaltools.gnu-tools-for-stm32.13.3.rel1.win32_1.0.0.202411081344/tools/bin/../lib/gcc/arm-none-eabi/13.3.1/../../../../arm-none-eabi/lib/thumb/v7e-m+fp/hard\libc_nano.a(libc_a-lock.o)
 .debug_frame   0x0000097c       0x38 D:/STM32CubeIDE_1.18.1/STM32CubeIDE/plugins/com.st.stm32cube.ide.mcu.externaltools.gnu-tools-for-stm32.13.3.rel1.win32_1.0.0.202411081344/tools/bin/../lib/gcc/arm-none-eabi/13.3.1/../../../../arm-none-eabi/lib/thumb/v7e-m+fp/hard\libc_nano.a(libc_a-freer.o)
 .debug_frame   0x000009b4       0x50 D:/STM32CubeIDE_1.18.1/STM32CubeIDE/plugins/com.st.stm32cube.ide.mcu.externaltools.gnu-tools-for-stm32.13.3.rel1.win32_1.0.0.202411081344/tools/bin/../lib/gcc/arm-none-eabi/13.3.1/../../../../arm-none-eabi/lib/thumb/v7e-m+fp/hard\libc_nano.a(libc_a-mallocr.o)
 .debug_frame   0x00000a04       0x30 D:/STM32CubeIDE_1.18.1/STM32CubeIDE/plugins/com.st.stm32cube.ide.mcu.externaltools.gnu-tools-for-stm32.13.3.rel1.win32_1.0.0.202411081344/tools/bin/../lib/gcc/arm-none-eabi/13.3.1/../../../../arm-none-eabi/lib/thumb/v7e-m+fp/hard\libc_nano.a(libc_a-mlock.o)
 .debug_frame   0x00000a34       0x90 D:/STM32CubeIDE_1.18.1/STM32CubeIDE/plugins/com.st.stm32cube.ide.mcu.externaltools.gnu-tools-for-stm32.13.3.rel1.win32_1.0.0.202411081344/tools/bin/../lib/gcc/arm-none-eabi/13.3.1/../../../../arm-none-eabi/lib/thumb/v7e-m+fp/hard\libc_nano.a(libc_a-nano-svfprintf.o)
 .debug_frame   0x00000ac4       0x60 D:/STM32CubeIDE_1.18.1/STM32CubeIDE/plugins/com.st.stm32cube.ide.mcu.externaltools.gnu-tools-for-stm32.13.3.rel1.win32_1.0.0.202411081344/tools/bin/../lib/gcc/arm-none-eabi/13.3.1/../../../../arm-none-eabi/lib/thumb/v7e-m+fp/hard\libc_nano.a(libc_a-nano-vfprintf_i.o)
 .debug_frame   0x00000b24       0x28 D:/STM32CubeIDE_1.18.1/STM32CubeIDE/plugins/com.st.stm32cube.ide.mcu.externaltools.gnu-tools-for-stm32.13.3.rel1.win32_1.0.0.202411081344/tools/bin/../lib/gcc/arm-none-eabi/13.3.1/../../../../arm-none-eabi/lib/thumb/v7e-m+fp/hard\libc_nano.a(libc_a-memmove.o)
 .debug_frame   0x00000b4c       0x2c D:/STM32CubeIDE_1.18.1/STM32CubeIDE/plugins/com.st.stm32cube.ide.mcu.externaltools.gnu-tools-for-stm32.13.3.rel1.win32_1.0.0.202411081344/tools/bin/../lib/gcc/arm-none-eabi/13.3.1/../../../../arm-none-eabi/lib/thumb/v7e-m+fp/hard\libc_nano.a(libc_a-sbrkr.o)
 .debug_frame   0x00000b78       0x28 D:/STM32CubeIDE_1.18.1/STM32CubeIDE/plugins/com.st.stm32cube.ide.mcu.externaltools.gnu-tools-for-stm32.13.3.rel1.win32_1.0.0.202411081344/tools/bin/../lib/gcc/arm-none-eabi/13.3.1/../../../../arm-none-eabi/lib/thumb/v7e-m+fp/hard\libc_nano.a(libc_a-memcpy-stub.o)
 .debug_frame   0x00000ba0       0x3c D:/STM32CubeIDE_1.18.1/STM32CubeIDE/plugins/com.st.stm32cube.ide.mcu.externaltools.gnu-tools-for-stm32.13.3.rel1.win32_1.0.0.202411081344/tools/bin/../lib/gcc/arm-none-eabi/13.3.1/../../../../arm-none-eabi/lib/thumb/v7e-m+fp/hard\libc_nano.a(libc_a-reallocr.o)
 .debug_frame   0x00000bdc       0x20 D:/STM32CubeIDE_1.18.1/STM32CubeIDE/plugins/com.st.stm32cube.ide.mcu.externaltools.gnu-tools-for-stm32.13.3.rel1.win32_1.0.0.202411081344/tools/bin/../lib/gcc/arm-none-eabi/13.3.1/../../../../arm-none-eabi/lib/thumb/v7e-m+fp/hard\libc_nano.a(libc_a-msizer.o)
 .debug_frame   0x00000bfc       0x20 D:/STM32CubeIDE_1.18.1/STM32CubeIDE/plugins/com.st.stm32cube.ide.mcu.externaltools.gnu-tools-for-stm32.13.3.rel1.win32_1.0.0.202411081344/tools/bin/../lib/gcc/arm-none-eabi/13.3.1/../../../../arm-none-eabi/lib/thumb/v7e-m+fp/hard\libnosys.a(sbrk.o)

.debug_line_str
                0x00000000       0x65
 .debug_line_str
                0x00000000       0x65 ./Core/Startup/startup_stm32f401retx.o
